0 verbose cli C:\Program Files\nodejs\node.exe C:\Program Files\nodejs\node_modules\npm\bin\npm-cli.js
1 info using npm@11.13.0
2 info using node@v24.16.0
3 silly config load:file:C:\Program Files\nodejs\node_modules\npm\npmrc
4 silly config load:file:E:\DOCUMENTS\EVENT MANAGEMENT SAAS\.npmrc
5 silly config load:file:C:\Users\RITIK\.npmrc
6 silly config load:file:C:\Users\RITIK\AppData\Roaming\npm\etc\npmrc
7 verbose title npm install @types/react @types/react-dom
8 verbose argv "install" "--save-dev" "@types/react" "@types/react-dom" "--cache" ".\\.npm-cache"
9 verbose logfile logs-max:10 dir:E:\DOCUMENTS\EVENT MANAGEMENT SAAS\.npm-cache\_logs\2026-06-02T10_56_45_008Z-
10 verbose logfile E:\DOCUMENTS\EVENT MANAGEMENT SAAS\.npm-cache\_logs\2026-06-02T10_56_45_008Z-debug-0.log
11 silly logfile done cleaning log files
12 silly packumentCache heap:2348810240 maxSize:587202560 maxEntrySize:293601280
13 silly idealTree buildDeps
14 silly fetch manifest @types/react@*
15 silly packumentCache full:https://registry.npmjs.org/@types%2freact cache-miss
16 http fetch GET 200 https://registry.npmjs.org/@types%2freact 1203ms (cache miss)
17 silly packumentCache full:https://registry.npmjs.org/@types%2freact set size:undefined disposed:false
18 silly fetch manifest @types/react-dom@*
19 silly packumentCache full:https://registry.npmjs.org/@types%2freact-dom cache-miss
20 http fetch GET 200 https://registry.npmjs.org/@types%2freact-dom 195ms (cache miss)
21 silly packumentCache full:https://registry.npmjs.org/@types%2freact-dom set size:undefined disposed:false
22 silly placeDep ROOT @types/react@19.2.16 OK for: eventos@1.0.0 want: *
23 silly placeDep ROOT @types/react-dom@19.2.3 OK for: eventos@1.0.0 want: *
24 silly reify moves {}
25 silly audit bulk request {
25 silly audit   '@alloc/quick-lru': [ '5.2.0' ],
25 silly audit   '@babel/code-frame': [ '7.29.7' ],
25 silly audit   '@babel/compat-data': [ '7.29.7' ],
25 silly audit   '@babel/core': [ '7.29.7' ],
25 silly audit   '@babel/generator': [ '7.29.7' ],
25 silly audit   '@babel/helper-compilation-targets': [ '7.29.7' ],
25 silly audit   '@babel/helper-globals': [ '7.29.7' ],
25 silly audit   '@babel/helper-module-imports': [ '7.29.7' ],
25 silly audit   '@babel/helper-module-transforms': [ '7.29.7' ],
25 silly audit   '@babel/helper-plugin-utils': [ '7.29.7' ],
25 silly audit   '@babel/helper-string-parser': [ '7.29.7' ],
25 silly audit   '@babel/helper-validator-identifier': [ '7.29.7' ],
25 silly audit   '@babel/helper-validator-option': [ '7.29.7' ],
25 silly audit   '@babel/helpers': [ '7.29.7' ],
25 silly audit   '@babel/parser': [ '7.29.7' ],
25 silly audit   '@babel/plugin-transform-react-jsx-self': [ '7.29.7' ],
25 silly audit   '@babel/plugin-transform-react-jsx-source': [ '7.29.7' ],
25 silly audit   '@babel/runtime': [ '7.29.7' ],
25 silly audit   '@babel/template': [ '7.29.7' ],
25 silly audit   '@babel/traverse': [ '7.29.7' ],
25 silly audit   '@babel/types': [ '7.29.7' ],
25 silly audit   '@esbuild/aix-ppc64': [ '0.25.12' ],
25 silly audit   '@esbuild/android-arm': [ '0.25.12' ],
25 silly audit   '@esbuild/android-arm64': [ '0.25.12' ],
25 silly audit   '@esbuild/android-x64': [ '0.25.12' ],
25 silly audit   '@esbuild/darwin-arm64': [ '0.25.12' ],
25 silly audit   '@esbuild/darwin-x64': [ '0.25.12' ],
25 silly audit   '@esbuild/freebsd-arm64': [ '0.25.12' ],
25 silly audit   '@esbuild/freebsd-x64': [ '0.25.12' ],
25 silly audit   '@esbuild/linux-arm': [ '0.25.12' ],
25 silly audit   '@esbuild/linux-arm64': [ '0.25.12' ],
25 silly audit   '@esbuild/linux-ia32': [ '0.25.12' ],
25 silly audit   '@esbuild/linux-loong64': [ '0.25.12' ],
25 silly audit   '@esbuild/linux-mips64el': [ '0.25.12' ],
25 silly audit   '@esbuild/linux-ppc64': [ '0.25.12' ],
25 silly audit   '@esbuild/linux-riscv64': [ '0.25.12' ],
25 silly audit   '@esbuild/linux-s390x': [ '0.25.12' ],
25 silly audit   '@esbuild/linux-x64': [ '0.25.12' ],
25 silly audit   '@esbuild/netbsd-arm64': [ '0.25.12' ],
25 silly audit   '@esbuild/netbsd-x64': [ '0.25.12' ],
25 silly audit   '@esbuild/openbsd-arm64': [ '0.25.12' ],
25 silly audit   '@esbuild/openbsd-x64': [ '0.25.12' ],
25 silly audit   '@esbuild/openharmony-arm64': [ '0.25.12' ],
25 silly audit   '@esbuild/sunos-x64': [ '0.25.12' ],
25 silly audit   '@esbuild/win32-arm64': [ '0.25.12' ],
25 silly audit   '@esbuild/win32-ia32': [ '0.25.12' ],
25 silly audit   '@esbuild/win32-x64': [ '0.25.12' ],
25 silly audit   '@jridgewell/gen-mapping': [ '0.3.13' ],
25 silly audit   '@jridgewell/remapping': [ '2.3.5' ],
25 silly audit   '@jridgewell/resolve-uri': [ '3.1.2' ],
25 silly audit   '@jridgewell/sourcemap-codec': [ '1.5.5' ],
25 silly audit   '@jridgewell/trace-mapping': [ '0.3.31' ],
25 silly audit   '@nodelib/fs.scandir': [ '2.1.5' ],
25 silly audit   '@nodelib/fs.stat': [ '2.0.5' ],
25 silly audit   '@nodelib/fs.walk': [ '1.2.8' ],
25 silly audit   '@rolldown/pluginutils': [ '1.0.0-beta.27' ],
25 silly audit   '@rollup/rollup-android-arm-eabi': [ '4.61.0' ],
25 silly audit   '@rollup/rollup-android-arm64': [ '4.61.0' ],
25 silly audit   '@rollup/rollup-darwin-arm64': [ '4.61.0' ],
25 silly audit   '@rollup/rollup-darwin-x64': [ '4.61.0' ],
25 silly audit   '@rollup/rollup-freebsd-arm64': [ '4.61.0' ],
25 silly audit   '@rollup/rollup-freebsd-x64': [ '4.61.0' ],
25 silly audit   '@rollup/rollup-linux-arm-gnueabihf': [ '4.61.0' ],
25 silly audit   '@rollup/rollup-linux-arm-musleabihf': [ '4.61.0' ],
25 silly audit   '@rollup/rollup-linux-arm64-gnu': [ '4.61.0' ],
25 silly audit   '@rollup/rollup-linux-arm64-musl': [ '4.61.0' ],
25 silly audit   '@rollup/rollup-linux-loong64-gnu': [ '4.61.0' ],
25 silly audit   '@rollup/rollup-linux-loong64-musl': [ '4.61.0' ],
25 silly audit   '@rollup/rollup-linux-ppc64-gnu': [ '4.61.0' ],
25 silly audit   '@rollup/rollup-linux-ppc64-musl': [ '4.61.0' ],
25 silly audit   '@rollup/rollup-linux-riscv64-gnu': [ '4.61.0' ],
25 silly audit   '@rollup/rollup-linux-riscv64-musl': [ '4.61.0' ],
25 silly audit   '@rollup/rollup-linux-s390x-gnu': [ '4.61.0' ],
25 silly audit   '@rollup/rollup-linux-x64-gnu': [ '4.61.0' ],
25 silly audit   '@rollup/rollup-linux-x64-musl': [ '4.61.0' ],
25 silly audit   '@rollup/rollup-openbsd-x64': [ '4.61.0' ],
25 silly audit   '@rollup/rollup-openharmony-arm64': [ '4.61.0' ],
25 silly audit   '@rollup/rollup-win32-arm64-msvc': [ '4.61.0' ],
25 silly audit   '@rollup/rollup-win32-ia32-msvc': [ '4.61.0' ],
25 silly audit   '@rollup/rollup-win32-x64-gnu': [ '4.61.0' ],
25 silly audit   '@rollup/rollup-win32-x64-msvc': [ '4.61.0' ],
25 silly audit   '@types/babel__core': [ '7.20.5' ],
25 silly audit   '@types/babel__generator': [ '7.27.0' ],
25 silly audit   '@types/babel__template': [ '7.4.4' ],
25 silly audit   '@types/babel__traverse': [ '7.28.0' ],
25 silly audit   '@types/d3-array': [ '3.2.2' ],
25 silly audit   '@types/d3-color': [ '3.1.3' ],
25 silly audit   '@types/d3-ease': [ '3.0.2' ],
25 silly audit   '@types/d3-interpolate': [ '3.0.4' ],
25 silly audit   '@types/d3-path': [ '3.1.1' ],
25 silly audit   '@types/d3-scale': [ '4.0.9' ],
25 silly audit   '@types/d3-shape': [ '3.1.8' ],
25 silly audit   '@types/d3-time': [ '3.0.4' ],
25 silly audit   '@types/d3-timer': [ '3.0.2' ],
25 silly audit   '@types/estree': [ '1.0.9' ],
25 silly audit   '@vitejs/plugin-react': [ '4.7.0' ],
25 silly audit   'any-promise': [ '1.3.0' ],
25 silly audit   anymatch: [ '3.1.3' ],
25 silly audit   arg: [ '5.0.2' ],
25 silly audit   autoprefixer: [ '10.5.0' ],
25 silly audit   'baseline-browser-mapping': [ '2.10.33' ],
25 silly audit   'binary-extensions': [ '2.3.0' ],
25 silly audit   braces: [ '3.0.3' ],
25 silly audit   browserslist: [ '4.28.2' ],
25 silly audit   'camelcase-css': [ '2.0.1' ],
25 silly audit   'caniuse-lite': [ '1.0.30001793' ],
25 silly audit   chokidar: [ '3.6.0' ],
25 silly audit   'glob-parent': [ '5.1.2', '6.0.2' ],
25 silly audit   clsx: [ '2.1.1' ],
25 silly audit   commander: [ '4.1.1' ],
25 silly audit   'convert-source-map': [ '2.0.0' ],
25 silly audit   cookie: [ '1.1.1' ],
25 silly audit   cssesc: [ '3.0.0' ],
25 silly audit   csstype: [ '3.2.3' ],
25 silly audit   'd3-array': [ '3.2.4' ],
25 silly audit   'd3-color': [ '3.1.0' ],
25 silly audit   'd3-ease': [ '3.0.1' ],
25 silly audit   'd3-format': [ '3.1.2' ],
25 silly audit   'd3-interpolate': [ '3.0.1' ],
25 silly audit   'd3-path': [ '3.1.0' ],
25 silly audit   'd3-scale': [ '4.0.2' ],
25 silly audit   'd3-shape': [ '3.2.0' ],
25 silly audit   'd3-time': [ '3.1.0' ],
25 silly audit   'd3-time-format': [ '4.1.0' ],
25 silly audit   'd3-timer': [ '3.0.1' ],
25 silly audit   debug: [ '4.4.3' ],
25 silly audit   'decimal.js-light': [ '2.5.1' ],
25 silly audit   didyoumean: [ '1.2.2' ],
25 silly audit   dlv: [ '1.1.3' ],
25 silly audit   'dom-helpers': [ '5.2.1' ],
25 silly audit   'electron-to-chromium': [ '1.5.365' ],
25 silly audit   'es-errors': [ '1.3.0' ],
25 silly audit   esbuild: [ '0.25.12' ],
25 silly audit   escalade: [ '3.2.0' ],
25 silly audit   eventemitter3: [ '4.0.7' ],
25 silly audit   'fast-equals': [ '5.4.0' ],
25 silly audit   'fast-glob': [ '3.3.3' ],
25 silly audit   fastq: [ '1.20.1' ],
25 silly audit   'fill-range': [ '7.1.1' ],
25 silly audit   'fraction.js': [ '5.3.4' ],
25 silly audit   fsevents: [ '2.3.3' ],
25 silly audit   'function-bind': [ '1.1.2' ],
25 silly audit   gensync: [ '1.0.0-beta.2' ],
25 silly audit   hasown: [ '2.0.4' ],
25 silly audit   internmap: [ '2.0.3' ],
25 silly audit   'is-binary-path': [ '2.1.0' ],
25 silly audit   'is-core-module': [ '2.16.2' ],
25 silly audit   'is-extglob': [ '2.1.1' ],
25 silly audit   'is-glob': [ '4.0.3' ],
25 silly audit   'is-number': [ '7.0.0' ],
25 silly audit   jiti: [ '1.21.7' ],
25 silly audit   'js-tokens': [ '4.0.0' ],
25 silly audit   jsesc: [ '3.1.0' ],
25 silly audit   json5: [ '2.2.3' ],
25 silly audit   lilconfig: [ '3.1.3' ],
25 silly audit   'lines-and-columns': [ '1.2.4' ],
25 silly audit   lodash: [ '4.18.1' ],
25 silly audit   'loose-envify': [ '1.4.0' ],
25 silly audit   'lru-cache': [ '5.1.1' ],
25 silly audit   'lucide-react': [ '0.468.0' ],
25 silly audit   merge2: [ '1.4.1' ],
25 silly audit   micromatch: [ '4.0.8' ],
25 silly audit   ms: [ '2.1.3' ],
25 silly audit   mz: [ '2.7.0' ],
25 silly audit   nanoid: [ '3.3.12' ],
25 silly audit   'node-releases': [ '2.0.47' ],
25 silly audit   'normalize-path': [ '3.0.0' ],
25 silly audit   'object-assign': [ '4.1.1' ],
25 silly audit   'object-hash': [ '3.0.0' ],
25 silly audit   'path-parse': [ '1.0.7' ],
25 silly audit   picocolors: [ '1.1.1' ],
25 silly audit   picomatch: [ '2.3.2', '4.0.4' ],
25 silly audit   pify: [ '2.3.0' ],
25 silly audit   pirates: [ '4.0.7' ],
25 silly audit   postcss: [ '8.5.15' ],
25 silly audit   'postcss-import': [ '15.1.0' ],
25 silly audit   'postcss-js': [ '4.1.0' ],
25 silly audit   'postcss-load-config': [ '6.0.1' ],
25 silly audit   'postcss-nested': [ '6.2.0' ],
25 silly audit   'postcss-selector-parser': [ '6.1.2' ],
25 silly audit   'postcss-value-parser': [ '4.2.0' ],
25 silly audit   'prop-types': [ '15.8.1' ],
25 silly audit   'react-is': [ '16.13.1', '18.3.1' ],
25 silly audit   'queue-microtask': [ '1.2.3' ],
25 silly audit   react: [ '19.2.7' ],
25 silly audit   'react-dom': [ '19.2.7' ],
25 silly audit   'react-refresh': [ '0.17.0' ],
25 silly audit   'react-router': [ '7.16.0' ],
25 silly audit   'react-router-dom': [ '7.16.0' ],
25 silly audit   'react-smooth': [ '4.0.4' ],
25 silly audit   'react-transition-group': [ '4.4.5' ],
25 silly audit   'read-cache': [ '1.0.0' ],
25 silly audit   readdirp: [ '3.6.0' ],
25 silly audit   recharts: [ '2.15.4' ],
25 silly audit   'recharts-scale': [ '0.4.5' ],
25 silly audit   resolve: [ '1.22.12' ],
25 silly audit   reusify: [ '1.1.0' ],
25 silly audit   rollup: [ '4.61.0' ],
25 silly audit   'run-parallel': [ '1.2.0' ],
25 silly audit   scheduler: [ '0.27.0' ],
25 silly audit   semver: [ '6.3.1' ],
25 silly audit   'set-cookie-parser': [ '2.7.2' ],
25 silly audit   'source-map-js': [ '1.2.1' ],
25 silly audit   sucrase: [ '3.35.1' ],
25 silly audit   'supports-preserve-symlinks-flag': [ '1.0.0' ],
25 silly audit   tailwindcss: [ '3.4.19' ],
25 silly audit   thenify: [ '3.3.1' ],
25 silly audit   'thenify-all': [ '1.6.0' ],
25 silly audit   'tiny-invariant': [ '1.3.3' ],
25 silly audit   tinyglobby: [ '0.2.17' ],
25 silly audit   fdir: [ '6.5.0' ],
25 silly audit   'to-regex-range': [ '5.0.1' ],
25 silly audit   'ts-interface-checker': [ '0.1.13' ],
25 silly audit   typescript: [ '5.9.3' ],
25 silly audit   'update-browserslist-db': [ '1.2.3' ],
25 silly audit   'util-deprecate': [ '1.0.2' ],
25 silly audit   'victory-vendor': [ '36.9.2' ],
25 silly audit   vite: [ '6.4.3' ],
25 silly audit   yallist: [ '3.1.1' ],
25 silly audit   '@types/react': [ '19.2.16' ],
25 silly audit   '@types/react-dom': [ '19.2.3' ]
25 silly audit }
26 http cache @types/react-dom@https://registry.npmjs.org/@types/react-dom/-/react-dom-19.2.3.tgz 0ms (cache hit)
27 silly tarball no local data for @types/react-dom@https://registry.npmjs.org/@types/react-dom/-/react-dom-19.2.3.tgz. Extracting by manifest.
28 http cache @types/react@https://registry.npmjs.org/@types/react/-/react-19.2.16.tgz 0ms (cache hit)
29 silly tarball no local data for @types/react@https://registry.npmjs.org/@types/react/-/react-19.2.16.tgz. Extracting by manifest.
30 http fetch POST 200 https://registry.npmjs.org/-/npm/v1/security/advisories/bulk 385ms
31 silly audit report {}
32 http fetch GET 200 https://registry.npmjs.org/@types/react-dom/-/react-dom-19.2.3.tgz 743ms (cache miss)
33 http fetch GET 200 https://registry.npmjs.org/@types/react/-/react-19.2.16.tgz 773ms (cache miss)
34 silly ADD node_modules/@types/react-dom
35 silly ADD node_modules/@types/react
36 verbose cwd E:\DOCUMENTS\EVENT MANAGEMENT SAAS
37 verbose os Windows_NT 10.0.26200
38 verbose node v24.16.0
39 verbose npm  v11.13.0
40 verbose exit 0
41 info ok
